../FR5 Robot/RobotMotion.c:288:6:runCleavageModule	16	static
../FR5 Robot/RobotMotion.c:356:6:runLiquidDispenserModule	16	static
../FR5 Robot/RobotMotion.c:411:6:runLiquidDispenserApproach	16	static
../FR5 Robot/RobotMotion.c:443:6:runLiquidDispenserRetract	16	static
../FR5 Robot/RobotMotion.c:488:9:getCurrentStation	4	static
../FR5 Robot/RobotMotion.c:493:6:ConfigRobotLinear	16	static
../FR5 Robot/RobotMotion.c:516:6:MoveLinearServo	32	static
../FR5 Robot/RobotMotion.c:577:6:robotLinearStop	8	static
../FR5 Robot/RobotMotion.c:584:6:robotLinearHome	16	static
../FR5 Robot/RobotMotion.c:602:6:setCurrentPositionAsHome	8	static
../FR5 Robot/RobotMotion.c:613:6:moveRobotToHomePosition	8	static
../FR5 Robot/RobotMotion.c:633:6:robotResetToHome	16	static
../FR5 Robot/RobotMotion.c:652:6:moveVesselTo	32	static
../FR5 Robot/RobotMotion.c:701:6:robotLinearReturnToHome	32	static
../FR5 Robot/RobotMotion.c:731:6:robotLinearGotoHardcodedHome	24	static
../FR5 Robot/RobotMotion.c:764:6:runPowderDispenserModule	16	static
../FR5 Robot/RobotMotion.c:846:6:runReactionStirModule	32	static
../FR5 Robot/RobotMotion.c:935:6:runReactionReStirModule	16	static
../FR5 Robot/RobotMotion.c:1101:13:servoBusLock	16	static
../FR5 Robot/RobotMotion.c:1121:13:servoBusUnlock	8	static
../FR5 Robot/RobotMotion.c:1158:13:reactionServoGotoPulses	32	static
../FR5 Robot/RobotMotion.c:1189:13:ReactionTask	40	static
../FR5 Robot/RobotMotion.c:1229:13:startParallelReaction	32	static
../FR5 Robot/RobotMotion.c:1268:13:DispenseTask	64	static
../FR5 Robot/RobotMotion.c:1460:13:sequenceAbort	16	static
../FR5 Robot/RobotMotion.c:1495:6:sequence	64	static
../FR5 Robot/RobotMotion.c:1763:13:aminoCarouselMoveRel	16	static
../FR5 Robot/RobotMotion.c:1782:13:aminoRailGoto	40	static
../FR5 Robot/RobotMotion.c:1809:13:aminoRailToLiquid	16	static
../FR5 Robot/RobotMotion.c:1814:13:aminoRailToStir	16	static
../FR5 Robot/RobotMotion.c:1821:13:aminoSlotAdvance	16	static
../FR5 Robot/RobotMotion.c:1833:13:aminoSlotSetFromAbsoluteDeg	32	static
../FR5 Robot/RobotMotion.c:1845:13:aminoStepperToLimit	16	static
../FR5 Robot/RobotMotion.c:1859:13:aminoPlungeAndDose	24	static
../FR5 Robot/RobotMotion.c:1889:13:aminoDoseTaskWaitFree	16	static
../FR5 Robot/RobotMotion.c:1908:13:stirDrainPulse	16	static
../FR5 Robot/RobotMotion.c:1928:13:aminoStirAndDrain	24	static
../FR5 Robot/RobotMotion.c:1989:13:aminoCarouselGotoAbsoluteDeg	32	static
../FR5 Robot/RobotMotion.c:2026:13:aminoCarouselHome	16	static
../FR5 Robot/RobotMotion.c:2044:6:wash	16	static
../FR5 Robot/RobotMotion.c:2095:13:aminoCarouselIndex36	16	static
../FR5 Robot/RobotMotion.c:2109:13:aminoCarouselIndex18	16	static
../FR5 Robot/RobotMotion.c:2152:13:washSelLower	16	static
../FR5 Robot/RobotMotion.c:2159:14:washSelTrim	24	static
../FR5 Robot/RobotMotion.c:2189:13:washSelParseUInt	24	static
../FR5 Robot/RobotMotion.c:2209:13:washSelNamesEqual	24	static
../FR5 Robot/RobotMotion.c:2236:13:washSelReadLine	32	static
../FR5 Robot/RobotMotion.c:2253:13:washSelAskUInt	72	static
../FR5 Robot/RobotMotion.c:2280:13:washSelAskYes	72	static
../FR5 Robot/RobotMotion.c:2293:13:washSelPrintList	24	static
../FR5 Robot/RobotMotion.c:2305:13:washSelAskSolvent	88	static
../FR5 Robot/RobotMotion.c:2367:13:washSelSyncCarouselTracker	16	static
../FR5 Robot/RobotMotion.c:2384:13:washSelRunPumpCycle	16	static
../FR5 Robot/RobotMotion.c:2406:6:wash_solvent_selection	48	static
../FR5 Robot/RobotMotion.c:2577:13:aminoSelPrintList	16	static
../FR5 Robot/RobotMotion.c:2589:13:aminoSelAskSlot	88	static
../FR5 Robot/RobotMotion.c:2634:6:amino_acid_selection	40	static
../FR5 Robot/RobotMotion.c:2736:6:aminoPowderAddition	8	static
../FR5 Robot/RobotMotion.c:2758:13:AminoDoseTask	32	static
../FR5 Robot/RobotMotion.c:2855:13:aminoDoseAndPour	64	static
../FR5 Robot/RobotMotion.c:2966:6:amino_acid_addition_sequence	32	static
../FR5 Robot/RobotMotion.c:3212:13:octertoideStir	24	static
../FR5 Robot/RobotMotion.c:3294:13:OctStepperHomeTask	16	static
../FR5 Robot/RobotMotion.c:3308:13:octertoideStartStepperHome	24	static
../FR5 Robot/RobotMotion.c:3344:13:octertoideJoinStepperHome	24	static
../FR5 Robot/RobotMotion.c:3377:13:octertoideRobotBringUp	8	static
../FR5 Robot/RobotMotion.c:3414:13:octertoideDeclareDispenserHome	8	static
../FR5 Robot/RobotMotion.c:3436:13:octertoideDispenserHome	24	static
../FR5 Robot/RobotMotion.c:3476:13:octertoidePowderWash	32	static
../FR5 Robot/RobotMotion.c:3560:6:octertoide_sequence	40	static
../FR5 Robot/RobotMotion.c:3878:13:cleavePrintList	24	static
../FR5 Robot/RobotMotion.c:3891:13:cleaveAskSolvent	80	static
../FR5 Robot/RobotMotion.c:3946:13:cleaveHoldPin	80	static
../FR5 Robot/RobotMotion.c:3987:13:cleaveHoldValve	24	static
../FR5 Robot/RobotMotion.c:4001:13:cleaveHoldValveAndMotor	88	static
../FR5 Robot/RobotMotion.c:4081:13:cleaveDoorInit	32	static
../FR5 Robot/RobotMotion.c:4098:13:cleaveDoorMove	32	static
../FR5 Robot/RobotMotion.c:4113:6:cleavageDoorOpen	8	static
../FR5 Robot/RobotMotion.c:4120:6:cleavageDoorClose	8	static
../FR5 Robot/RobotMotion.c:4126:6:clevagemodule	24	static
../FR5 Robot/RobotMotion.c:4247:13:cleaveGripper	16	static
../FR5 Robot/RobotMotion.c:4264:13:cleaveFinishPneumaticAndGrip	8	static
../FR5 Robot/RobotMotion.c:4276:13:cleaveArmHomeThenCloseDoor	8	static
../FR5 Robot/RobotMotion.c:4296:13:cleaveRunSolvent	16	static
../FR5 Robot/RobotMotion.c:4304:6:cleavageModuleSequence	32	static
