../FR5 Robot/RobotCommand.c:37:12:replyErrcode	24	static
../FR5 Robot/RobotCommand.c:47:20:robotErrcodeHint	16	static
../FR5 Robot/RobotCommand.c:62:5:connectRobot	56	static
../FR5 Robot/RobotCommand.c:121:6:disconnectRobot	8	static
../FR5 Robot/RobotCommand.c:146:6:buildFrame	48	static
../FR5 Robot/RobotCommand.c:153:5:getStatusIndex	16	static
../FR5 Robot/RobotCommand.c:172:13:drainRobotSocket	144	static
../FR5 Robot/RobotCommand.c:188:5:sendCommand	56	static
../FR5 Robot/RobotCommand.c:238:5:robotInitConfig	16	static
../FR5 Robot/RobotCommand.c:278:5:waitTillMotionComplete	24	static
../FR5 Robot/RobotCommand.c:330:12:robotMoveJBody	32	static
../FR5 Robot/RobotCommand.c:359:5:robotMoveJStr	1048	static
../FR5 Robot/RobotCommand.c:366:5:moveRobotTo	1064	static
../FR5 Robot/RobotCommand.c:389:6:robotLinearMoveConsole	48	static
../FR5 Robot/RobotCommand.c:410:6:testRobotVersion	16	static
../FR5 Robot/RobotCommand.c:419:6:testRobotMode	8	static
../FR5 Robot/RobotCommand.c:427:6:testRobotAlarm	8	static
