../Core/Src/freertos.c:135:6:vApplicationGetIdleTaskMemory	24	static
../Core/Src/freertos.c:149:6:MX_FREERTOS_Init	64	static
../Core/Src/freertos.c:271:6:LAN8742_SW_Reset	16	static
../Core/Src/freertos.c:327:6:StartDefaultTask	16	static
../Core/Src/freertos.c:360:6:StartAppMainTask	32	static
../Core/Src/freertos.c:425:6:ServoRxRingInit	8	static
../Core/Src/freertos.c:447:6:ServoRxRingFlush	4	static
../Core/Src/freertos.c:457:5:ServoRxRingGet	16	static
../Core/Src/freertos.c:481:6:USART6_IRQHandler	16	static
