../Core/Src/Load.c:29:6:LoadCell_Init	24	static
../Core/Src/Load.c:55:6:LoadCellFlushUART	16	static
../Core/Src/Load.c:66:6:LoadCellSendCmd	32	static
../Core/Src/Load.c:86:6:LoadCellReadResponse	40	static
../Core/Src/Load.c:122:6:LoadCellValidateCRC	32	static
../Core/Src/Load.c:153:6:LoadCellValidateException	16	static
../Core/Src/Load.c:164:13:LoadCellComputeCRC	24	static
../Core/Src/Load.c:191:6:LoadCellReadRegisters	104	static
../Core/Src/Load.c:248:10:LoadCellRead16	24	static
../Core/Src/Load.c:260:6:LoadCellSafeRead16	24	static
../Core/Src/Load.c:268:6:LoadCellWriteMultipleAck	40	static
../Core/Src/Load.c:318:6:LoadCellWriteMultipleVerified	24	static
../Core/Src/Load.c:350:6:LoadCellSetCoarse	16	static
../Core/Src/Load.c:354:6:LoadCellSetFine	16	static
../Core/Src/Load.c:358:6:LoadCellSetSuperFine	16	static
../Core/Src/Load.c:366:6:LoadCellReadWeight	16	static
../Core/Src/Load.c:380:6:LoadCellStartCollection	16	static
../Core/Src/Load.c:386:6:LoadCellStopCollection	16	static
../Core/Src/Load.c:398:6:LoadCellWaitFeedback	24	static
../Core/Src/Load.c:423:6:LoadCellLoadCheck	48	static
../Core/Src/Load.c:520:6:LoadCellStepperDispense	48	static
../Core/Src/Load.c:611:6:LoadCellResetDiagnostics	16	static
../Core/Src/Load.c:621:6:LoadCellCommunicationOK	16	static
