../Core/Src/servo.c:34:6:ServoInit	16	static
../Core/Src/servo.c:55:6:ComputeCRC	24	static
../Core/Src/servo.c:86:6:ServoFlushUART	16	static
../Core/Src/servo.c:125:6:ServoSendCmd	24	static
../Core/Src/servo.c:138:6:ServoValidateCRC	88	static
../Core/Src/servo.c:164:12:ServoCaptureFrame	40	static
../Core/Src/servo.c:186:6:ServoReadResponse	32	static
../Core/Src/servo.c:237:13:ServoTxRx	32	static
../Core/Src/servo.c:277:6:ServoReadRegisters	120	static
../Core/Src/servo.c:342:10:ServoRead16	32	static
../Core/Src/servo.c:358:9:ServoRead32	32	static
../Core/Src/servo.c:374:6:ServoSafeRead16	40	static
../Core/Src/servo.c:395:6:ServoSafeRead32	40	static
../Core/Src/servo.c:416:6:ServoWrite16	32	static
../Core/Src/servo.c:443:6:ServoWrite16Ack	56	static
../Core/Src/servo.c:493:6:ServoWrite16Verified	56	static
../Core/Src/servo.c:553:6:ServoWrite32	48	static
../Core/Src/servo.c:598:6:ServoWrite32Ack	64	static
../Core/Src/servo.c:664:6:ServoWrite32Verified	72	static
../Core/Src/servo.c:740:6:ServoSafeReadPosition	24	static
../Core/Src/servo.c:749:6:ServoWaitMotionComplete	40	static
../Core/Src/servo.c:787:9:DegreeToPulse	24	static
../Core/Src/servo.c:799:6:ServoResetDiagnostics	16	static
../Core/Src/servo.c:814:6:ServoIsCommunicationOK	16	static
../Core/Src/servo.c:822:6:ServoPositionConfig	16	static
../Core/Src/servo.c:893:13:ReactionWaitMotion	56	static
../Core/Src/servo.c:951:13:ReactionStep	32	static
../Core/Src/servo.c:983:6:ReactionMove	40	static
../Core/Src/servo.c:1150:13:ReactionSpeedStroke	72	static
../Core/Src/servo.c:1217:6:ReactionMoveContinuous	40	static
../Core/Src/servo.c:1289:6:AminoAcidServo	16	static
../Core/Src/servo.c:1315:6:DispenserMove	40	static
../Core/Src/servo.c:1396:6:ServoScanIDs	24	static
../Core/Src/servo.c:1513:14:DispenserNormalise	16	static
../Core/Src/servo.c:1527:6:ServoHomeFixedCapture	24	static
../Core/Src/servo.c:1557:13:DispenserGotoAngle	48	static
../Core/Src/servo.c:1610:6:AminoAcidSlots	24	static
../Core/Src/servo.c:1638:6:wash_solvents	24	static
../Core/Src/servo.c:1693:6:servo_home_fixed	16	static
../Core/Src/servo.c:1701:7:ServoDispenserAngle	4	static
../Core/Src/servo.c:1705:13:AminoAcidSlotName	16	static
../Core/Src/servo.c:1713:13:WashSolventSlotName	16	static
../Core/Src/servo.c:1746:6:ReactionMoveToPulses	40	static
../Core/Src/servo.c:1838:6:ReactionMoveHome	16	static
../Core/Src/servo.c:1859:6:DispenserMoveToPulses	40	static
../Core/Src/servo.c:1965:6:DispenserMoveHome	16	static
