../Core/Src/stepper.c:86:6:stepperTimerTick	16	static,ignoring_inline_asm
../Core/Src/stepper.c:108:6:stepperTimerTick2	16	static,ignoring_inline_asm
../Core/Src/stepper.c:129:13:stepperTimerRun	48	static
../Core/Src/stepper.c:173:13:stepperTimerRun2	48	static
../Core/Src/stepper.c:209:6:GPIO_Init	8	static
../Core/Src/stepper.c:217:6:SetOutputs	24	static
../Core/Src/stepper.c:233:6:stop	8	static
../Core/Src/stepper.c:237:6:clock_antirot	16	static
../Core/Src/stepper.c:269:6:clock_rot	8	static
../Core/Src/stepper.c:302:6:stepperData	32	static
../Core/Src/stepper.c:341:6:SetOutputs2	24	static
../Core/Src/stepper.c:356:6:stop2	8	static
../Core/Src/stepper.c:361:6:clock_antirot2	16	static
../Core/Src/stepper.c:378:6:clock_rot2	16	static
../Core/Src/stepper.c:395:6:stepperData2	32	static
../Core/Src/stepper.c:508:13:proxPinConfigure	32	static
../Core/Src/stepper.c:522:12:proxIsHigh	24	static
../Core/Src/stepper.c:574:17:proxUsPerStep	32	static
../Core/Src/stepper.c:594:17:proxChunkSize	24	static
../Core/Src/stepper.c:628:17:stepperMoveUntilProxLow	40	static
../Core/Src/stepper.c:711:10:stepperProximityDispenseSplit	48	static
../Core/Src/stepper.c:798:10:stepperProximityDispense	24	static
../Core/Src/stepper.c:804:6:stepper_proximity_sensing	32	static
../Core/Src/stepper.c:868:5:drainStepperAtLimit	32	static
../Core/Src/stepper.c:885:6:drainStepperLimit	40	static
../Core/Src/stepper.c:984:6:Stepper_Init	24	static
../Core/Src/stepper.c:998:6:Stepper_Off	16	static
../Core/Src/stepper.c:1007:20:Stepper_SetCoils	16	static
../Core/Src/stepper.c:1017:6:Stepper_Clockwise	40	static
../Core/Src/stepper.c:1026:6:Stepper_Anticlockwise	40	static
../Core/Src/stepper.c:1038:6:Stepper_Step	40	static
../Core/Src/stepper.c:1093:6:stepper_3	48	static
