../Core/Src/stm32f7xx_it.c:61:13:faultPutc	16	static
../Core/Src/stm32f7xx_it.c:67:13:faultPrint	16	static
../Core/Src/stm32f7xx_it.c:74:13:faultPutHex	24	static
../Core/Src/stm32f7xx_it.c:83:13:faultKV	16	static
../Core/Src/stm32f7xx_it.c:94:6:prvFaultReport	32	static
../Core/Src/stm32f7xx_it.c:135:6:NMI_Handler	4	static
../Core/Src/stm32f7xx_it.c:151:6:HardFault_Handler	4	static,ignoring_inline_asm
../Core/Src/stm32f7xx_it.c:173:6:MemManage_Handler	4	static
../Core/Src/stm32f7xx_it.c:188:6:BusFault_Handler	4	static
../Core/Src/stm32f7xx_it.c:203:6:UsageFault_Handler	4	static
../Core/Src/stm32f7xx_it.c:218:6:DebugMon_Handler	4	static
../Core/Src/stm32f7xx_it.c:238:6:TIM1_UP_TIM10_IRQHandler	8	static
../Core/Src/stm32f7xx_it.c:252:6:TIM2_IRQHandler	8	static
../Core/Src/stm32f7xx_it.c:266:6:TIM6_DAC_IRQHandler	8	static
../Core/Src/stm32f7xx_it.c:280:6:TIM7_IRQHandler	8	static
../Core/Src/stm32f7xx_it.c:294:6:ETH_IRQHandler	8	static
